[debug] [2024-01-11T05:24:33.281Z] ----------------------------------------------------------------------
[debug] [2024-01-11T05:24:33.283Z] Command:       /Users/luisparra/.nvm/versions/node/v21.5.0/bin/node /Users/luisparra/.nvm/versions/node/v21.5.0/bin/firebase deploy
[debug] [2024-01-11T05:24:33.283Z] CLI Version:   13.0.3
[debug] [2024-01-11T05:24:33.284Z] Platform:      darwin
[debug] [2024-01-11T05:24:33.284Z] Node Version:  v21.5.0
[debug] [2024-01-11T05:24:33.284Z] Time:          Wed Jan 10 2024 23:24:33 GMT-0600 (Central Standard Time)
[debug] [2024-01-11T05:24:33.284Z] ----------------------------------------------------------------------
[debug] 
[debug] [2024-01-11T05:24:33.316Z] > command requires scopes: ["email","openid","https://www.googleapis.com/auth/cloudplatformprojects.readonly","https://www.googleapis.com/auth/firebase","https://www.googleapis.com/auth/cloud-platform"]
[debug] [2024-01-11T05:24:33.316Z] > authorizing via signed-in user (luiscarlosparramendoza@gmail.com)
[debug] [2024-01-11T05:24:33.316Z] [iam] checking project mstudio-cargoapp for permissions ["firebase.projects.get","firebasehosting.sites.update"]
[debug] [2024-01-11T05:24:33.317Z] >>> [apiv2][query] POST https://cloudresourcemanager.googleapis.com/v1/projects/mstudio-cargoapp:testIamPermissions [none]
[debug] [2024-01-11T05:24:33.317Z] >>> [apiv2][(partial)header] POST https://cloudresourcemanager.googleapis.com/v1/projects/mstudio-cargoapp:testIamPermissions x-goog-quota-user=projects/mstudio-cargoapp
[debug] [2024-01-11T05:24:33.317Z] >>> [apiv2][body] POST https://cloudresourcemanager.googleapis.com/v1/projects/mstudio-cargoapp:testIamPermissions {"permissions":["firebase.projects.get","firebasehosting.sites.update"]}
[debug] [2024-01-11T05:24:33.558Z] <<< [apiv2][status] POST https://cloudresourcemanager.googleapis.com/v1/projects/mstudio-cargoapp:testIamPermissions 200
[debug] [2024-01-11T05:24:33.558Z] <<< [apiv2][body] POST https://cloudresourcemanager.googleapis.com/v1/projects/mstudio-cargoapp:testIamPermissions {"permissions":["firebase.projects.get","firebasehosting.sites.update"]}
[debug] [2024-01-11T05:24:33.559Z] >>> [apiv2][query] GET https://firebase.googleapis.com/v1beta1/projects/mstudio-cargoapp [none]
[debug] [2024-01-11T05:24:33.768Z] <<< [apiv2][status] GET https://firebase.googleapis.com/v1beta1/projects/mstudio-cargoapp 200
[debug] [2024-01-11T05:24:33.768Z] <<< [apiv2][body] GET https://firebase.googleapis.com/v1beta1/projects/mstudio-cargoapp {"projectId":"mstudio-cargoapp","projectNumber":"251258123118","displayName":"mstudio-cargoapp","name":"projects/mstudio-cargoapp","resources":{"hostingSite":"mstudio-cargoapp"},"state":"ACTIVE","etag":"1_2969a403-0a05-4922-b171-0773f7b0e695"}
[info] 
[info] === Deploying to 'mstudio-cargoapp'...
[info] 
[info] i  deploying hosting 
[debug] [2024-01-11T05:24:33.775Z] >>> [apiv2][query] POST https://firebasehosting.googleapis.com/v1beta1/projects/-/sites/mstudio-cargoapp/versions [none]
[debug] [2024-01-11T05:24:33.776Z] >>> [apiv2][body] POST https://firebasehosting.googleapis.com/v1beta1/projects/-/sites/mstudio-cargoapp/versions {"status":"CREATED","labels":{"deployment-tool":"cli-firebase"}}
[debug] [2024-01-11T05:24:34.698Z] <<< [apiv2][status] POST https://firebasehosting.googleapis.com/v1beta1/projects/-/sites/mstudio-cargoapp/versions 200
[debug] [2024-01-11T05:24:34.698Z] <<< [apiv2][body] POST https://firebasehosting.googleapis.com/v1beta1/projects/-/sites/mstudio-cargoapp/versions {"name":"projects/251258123118/sites/mstudio-cargoapp/versions/3949c40c43c36253","status":"CREATED","config":{},"labels":{"deployment-tool":"cli-firebase"}}
[info] i  hosting[mstudio-cargoapp]: beginning deploy... 
[info] i  hosting[mstudio-cargoapp]: found 6 files in public 
[debug] [2024-01-11T05:24:34.702Z] [hosting] uploading with 200 concurrency
[debug] [2024-01-11T05:24:34.703Z] [hosting] hash cache [cHVibGlj] not populated
[debug] [2024-01-11T05:24:34.710Z] [hosting] hash cache [cHVibGlj] stored for 6 files
[debug] [2024-01-11T05:24:34.710Z] [hosting][hash queue][FINAL] {"max":4,"min":2,"avg":3,"active":0,"complete":6,"success":6,"errored":0,"retried":0,"total":6,"elapsed":6}
[debug] [2024-01-11T05:24:34.710Z] >>> [apiv2][query] POST https://firebasehosting.googleapis.com/v1beta1/projects/251258123118/sites/mstudio-cargoapp/versions/3949c40c43c36253:populateFiles [none]
[debug] [2024-01-11T05:24:34.710Z] >>> [apiv2][body] POST https://firebasehosting.googleapis.com/v1beta1/projects/251258123118/sites/mstudio-cargoapp/versions/3949c40c43c36253:populateFiles {"files":{"/logo192.png":"2303a07c2e1e70158f5348242f45af6ea34fc4b0000a86c2dd2f31472ca4b5ea","/manifest.json":"4e1d3adad9ce7e17c0d13fac197f1c27091906f4ecf3909c9f51247bff345118","/robots.txt":"391d14b3c2f8c9143a27a28c7399585142228d4d1bdbe2c87ac946de411fa9a2","/index.html":"08f1e779720d43efb0c2def6c6c6229bd7f3c305175a17c826cbd7b9ee82749c","/favicon.ico":"57c7f4086306b5296750fd796370233cbc65be4f96da1660bfea71c074c13b11","/logo512.png":"06b58f0a0ebd6b3b24973efeeb6f0ad864770676ea306e0d3df53887260ee285"}}
